Archive member included to satisfy reference by file (symbol)

c:/mounriver/mounriver_studio/toolchain/risc-v embedded gcc/bin/../lib/gcc/riscv-none-embed/8.2.0/../../../../riscv-none-embed/lib/rv32imac/ilp32\libg_nano.a(lib_a-printf.o)
                              ./User/main.o (printf)
c:/mounriver/mounriver_studio/toolchain/risc-v embedded gcc/bin/../lib/gcc/riscv-none-embed/8.2.0/../../../../riscv-none-embed/lib/rv32imac/ilp32\libg_nano.a(lib_a-puts.o)
                              ./User/main.o (puts)
c:/mounriver/mounriver_studio/toolchain/risc-v embedded gcc/bin/../lib/gcc/riscv-none-embed/8.2.0/../../../../riscv-none-embed/lib/rv32imac/ilp32\libg_nano.a(lib_a-wbuf.o)
                              c:/mounriver/mounriver_studio/toolchain/risc-v embedded gcc/bin/../lib/gcc/riscv-none-embed/8.2.0/../../../../riscv-none-embed/lib/rv32imac/ilp32\libg_nano.a(lib_a-puts.o) (__swbuf_r)
c:/mounriver/mounriver_studio/toolchain/risc-v embedded gcc/bin/../lib/gcc/riscv-none-embed/8.2.0/../../../../riscv-none-embed/lib/rv32imac/ilp32\libg_nano.a(lib_a-wsetup.o)
                              c:/mounriver/mounriver_studio/toolchain/risc-v embedded gcc/bin/../lib/gcc/riscv-none-embed/8.2.0/../../../../riscv-none-embed/lib/rv32imac/ilp32\libg_nano.a(lib_a-puts.o) (__swsetup_r)
c:/mounriver/mounriver_studio/toolchain/risc-v embedded gcc/bin/../lib/gcc/riscv-none-embed/8.2.0/../../../../riscv-none-embed/lib/rv32imac/ilp32\libg_nano.a(lib_a-fflush.o)
                              c:/mounriver/mounriver_studio/toolchain/risc-v embedded gcc/bin/../lib/gcc/riscv-none-embed/8.2.0/../../../../riscv-none-embed/lib/rv32imac/ilp32\libg_nano.a(lib_a-wbuf.o) (_fflush_r)
c:/mounriver/mounriver_studio/toolchain/risc-v embedded gcc/bin/../lib/gcc/riscv-none-embed/8.2.0/../../../../riscv-none-embed/lib/rv32imac/ilp32\libg_nano.a(lib_a-findfp.o)
                              c:/mounriver/mounriver_studio/toolchain/risc-v embedded gcc/bin/../lib/gcc/riscv-none-embed/8.2.0/../../../../riscv-none-embed/lib/rv32imac/ilp32\libg_nano.a(lib_a-printf.o) (__sinit)
c:/mounriver/mounriver_studio/toolchain/risc-v embedded gcc/bin/../lib/gcc/riscv-none-embed/8.2.0/../../../../riscv-none-embed/lib/rv32imac/ilp32\libg_nano.a(lib_a-fwalk.o)
                              c:/mounriver/mounriver_studio/toolchain/risc-v embedded gcc/bin/../lib/gcc/riscv-none-embed/8.2.0/../../../../riscv-none-embed/lib/rv32imac/ilp32\libg_nano.a(lib_a-findfp.o) (_fwalk)
c:/mounriver/mounriver_studio/toolchain/risc-v embedded gcc/bin/../lib/gcc/riscv-none-embed/8.2.0/../../../../riscv-none-embed/lib/rv32imac/ilp32\libg_nano.a(lib_a-impure.o)
                              c:/mounriver/mounriver_studio/toolchain/risc-v embedded gcc/bin/../lib/gcc/riscv-none-embed/8.2.0/../../../../riscv-none-embed/lib/rv32imac/ilp32\libg_nano.a(lib_a-fflush.o) (_global_impure_ptr)
c:/mounriver/mounriver_studio/toolchain/risc-v embedded gcc/bin/../lib/gcc/riscv-none-embed/8.2.0/../../../../riscv-none-embed/lib/rv32imac/ilp32\libg_nano.a(lib_a-makebuf.o)
                              c:/mounriver/mounriver_studio/toolchain/risc-v embedded gcc/bin/../lib/gcc/riscv-none-embed/8.2.0/../../../../riscv-none-embed/lib/rv32imac/ilp32\libg_nano.a(lib_a-wsetup.o) (__smakebuf_r)
c:/mounriver/mounriver_studio/toolchain/risc-v embedded gcc/bin/../lib/gcc/riscv-none-embed/8.2.0/../../../../riscv-none-embed/lib/rv32imac/ilp32\libg_nano.a(lib_a-memset.o)
                              c:/mounriver/mounriver_studio/toolchain/risc-v embedded gcc/bin/../lib/gcc/riscv-none-embed/8.2.0/../../../../riscv-none-embed/lib/rv32imac/ilp32\libg_nano.a(lib_a-findfp.o) (memset)
c:/mounriver/mounriver_studio/toolchain/risc-v embedded gcc/bin/../lib/gcc/riscv-none-embed/8.2.0/../../../../riscv-none-embed/lib/rv32imac/ilp32\libg_nano.a(lib_a-nano-freer.o)
                              c:/mounriver/mounriver_studio/toolchain/risc-v embedded gcc/bin/../lib/gcc/riscv-none-embed/8.2.0/../../../../riscv-none-embed/lib/rv32imac/ilp32\libg_nano.a(lib_a-wsetup.o) (_free_r)
c:/mounriver/mounriver_studio/toolchain/risc-v embedded gcc/bin/../lib/gcc/riscv-none-embed/8.2.0/../../../../riscv-none-embed/lib/rv32imac/ilp32\libg_nano.a(lib_a-nano-mallocr.o)
                              c:/mounriver/mounriver_studio/toolchain/risc-v embedded gcc/bin/../lib/gcc/riscv-none-embed/8.2.0/../../../../riscv-none-embed/lib/rv32imac/ilp32\libg_nano.a(lib_a-findfp.o) (_malloc_r)
c:/mounriver/mounriver_studio/toolchain/risc-v embedded gcc/bin/../lib/gcc/riscv-none-embed/8.2.0/../../../../riscv-none-embed/lib/rv32imac/ilp32\libg_nano.a(lib_a-nano-vfprintf.o)
                              c:/mounriver/mounriver_studio/toolchain/risc-v embedded gcc/bin/../lib/gcc/riscv-none-embed/8.2.0/../../../../riscv-none-embed/lib/rv32imac/ilp32\libg_nano.a(lib_a-printf.o) (_vfprintf_r)
[...]
Memory Configuration

Name             Origin             Length             Attributes
FLASH            0x0000000000000000 0x0000000000048000 xr
RAM              0x0000000020000000 0x0000000000008000 xrw
*default*        0x0000000000000000 0xffffffffffffffff

Linker script and memory map

LOAD ./User/ch32v30x_it.o
LOAD ./User/main.o
LOAD ./User/system_ch32v30x.o
LOAD ./Startup/startup_ch32v30x_D8C.o
LOAD ./Peripheral/src/ch32v30x_adc.o
LOAD ./Peripheral/src/ch32v30x_bkp.o
LOAD ./Peripheral/src/ch32v30x_can.o
LOAD ./Peripheral/src/ch32v30x_crc.o
LOAD ./Peripheral/src/ch32v30x_dac.o
LOAD ./Peripheral/src/ch32v30x_dbgmcu.o
LOAD ./Peripheral/src/ch32v30x_dma.o
LOAD ./Peripheral/src/ch32v30x_dvp.o
LOAD ./Peripheral/src/ch32v30x_eth.o
LOAD ./Peripheral/src/ch32v30x_exti.o
LOAD ./Peripheral/src/ch32v30x_flash.o
LOAD ./Peripheral/src/ch32v30x_fsmc.o
LOAD ./Peripheral/src/ch32v30x_gpio.o
LOAD ./Peripheral/src/ch32v30x_i2c.o
LOAD ./Peripheral/src/ch32v30x_iwdg.o
LOAD ./Peripheral/src/ch32v30x_misc.o
LOAD ./Peripheral/src/ch32v30x_opa.o
LOAD ./Peripheral/src/ch32v30x_pwr.o
LOAD ./Peripheral/src/ch32v30x_rcc.o
LOAD ./Peripheral/src/ch32v30x_rng.o
LOAD ./Peripheral/src/ch32v30x_rtc.o
LOAD ./Peripheral/src/ch32v30x_sdio.o
LOAD ./Peripheral/src/ch32v30x_spi.o
LOAD ./Peripheral/src/ch32v30x_tim.o
LOAD ./Peripheral/src/ch32v30x_usart.o
LOAD ./Peripheral/src/ch32v30x_wwdg.o
LOAD ./Debug/debug.o
LOAD ./Core/core_riscv.o
LOAD c:/mounriver/mounriver_studio/toolchain/risc-v embedded gcc/bin/../lib/gcc/riscv-none-embed/8.2.0/rv32imac/ilp32\libgcc.a
LOAD c:/mounriver/mounriver_studio/toolchain/risc-v embedded gcc/bin/../lib/gcc/riscv-none-embed/8.2.0/../../../../riscv-none-embed/lib/rv32imac/ilp32\libg_nano.a
LOAD c:/mounriver/mounriver_studio/toolchain/risc-v embedded gcc/bin/../lib/gcc/riscv-none-embed/8.2.0/../../../../riscv-none-embed/lib/rv32imac/ilp32\libc_nano.a
LOAD c:/mounriver/mounriver_studio/toolchain/risc-v embedded gcc/bin/../lib/gcc/riscv-none-embed/8.2.0/rv32imac/ilp32\libgcc.a
START GROUP
LOAD c:/mounriver/mounriver_studio/toolchain/risc-v embedded gcc/bin/../lib/gcc/riscv-none-embed/8.2.0/rv32imac/ilp32\libgcc.a
LOAD c:/mounriver/mounriver_studio/toolchain/risc-v embedded gcc/bin/../lib/gcc/riscv-none-embed/8.2.0/../../../../riscv-none-embed/lib/rv32imac/ilp32\libc_nano.a
LOAD c:/mounriver/mounriver_studio/toolchain/risc-v embedded gcc/bin/../lib/gcc/riscv-none-embed/8.2.0/../../../../riscv-none-embed/lib/rv32imac/ilp32\libnosys.a
END GROUP
START GROUP
LOAD c:/mounriver/mounriver_studio/toolchain/risc-v embedded gcc/bin/../lib/gcc/riscv-none-embed/8.2.0/rv32imac/ilp32\libgcc.a
LOAD c:/mounriver/mounriver_studio/toolchain/risc-v embedded gcc/bin/../lib/gcc/riscv-none-embed/8.2.0/../../../../riscv-none-embed/lib/rv32imac/ilp32\libc_nano.a
LOAD c:/mounriver/mounriver_studio/toolchain/risc-v embedded gcc/bin/../lib/gcc/riscv-none-embed/8.2.0/../../../../riscv-none-embed/lib/rv32imac/ilp32\libnosys.a
END GROUP
                0x0000000000000800                __stack_size = 0x800
                [!provide]                        PROVIDE (_stack_size = __stack_size)

.init           0x0000000000000000       0x38
                0x0000000000000000                _sinit = .
                0x0000000000000000                . = ALIGN (0x4)
 *(SORT_NONE(.init))
 .init          0x0000000000000000       0x38 ./Startup/startup_ch32v30x_D8C.o
                0x0000000000000000                _start
                0x0000000000000038                . = ALIGN (0x4)
                0x0000000000000038                _einit = .

.vector         0x0000000000000038      0x1c8
 *(.vector)
 .vector        0x0000000000000038      0x1a0 ./Startup/startup_ch32v30x_D8C.o
                0x0000000000000200                . = ALIGN (0x40)
 *fill*         0x00000000000001d8       0x28 

.text           0x0000000000000200     0x1abc
                0x0000000000000200                . = ALIGN (0x4)
 *(.text)
 .text          0x0000000000000200       0xa8 c:/mounriver/mounriver_studio/toolchain/risc-v embedded gcc/bin/../lib/gcc/riscv-none-embed/8.2.0/../../../../riscv-none-embed/lib/rv32imac/ilp32\libg_nano.a(lib_a-memset.o)
                0x0000000000000200                memset
 *(.text.*)
 .text.NMI_Handler
                0x00000000000002a8        0x4 ./User/ch32v30x_it.o
                0x00000000000002a8                NMI_Handler
 .text.HardFault_Handler
                0x00000000000002ac        0x2 ./User/ch32v30x_it.o
                0x00000000000002ac                HardFault_Handler
 .text.GPIO_Toggle_INIT
                0x00000000000002ae       0x30 ./User/main.o
                0x00000000000002ae                GPIO_Toggle_INIT
 .text.startup.main
                0x00000000000002de       0x86 ./User/main.o
                0x00000000000002de                main
 .text.SystemInit
                0x0000000000000364       0xfa ./User/system_ch32v30x.o
                0x0000000000000364                SystemInit
 .text.vector_handler
                0x000000000000045e       0xbe ./Startup/startup_ch32v30x_D8C.o
                0x0000000000000462                Ecall_M_Mode_Handler
                0x0000000000000464                Ecall_U_Mode_Handler
                0x0000000000000466                Break_Point_Handler
                0x0000000000000468                SysTick_Handler
                0x000000000000046a                SW_Handler
                0x000000000000046c                WWDG_IRQHandler
                0x000000000000046e                PVD_IRQHandler
                0x0000000000000470                TAMPER_IRQHandler
                0x0000000000000472                RTC_IRQHandler
                0x0000000000000474                FLASH_IRQHandler
                0x0000000000000476                RCC_IRQHandler
                0x0000000000000478                EXTI0_IRQHandler
                0x000000000000047a                EXTI1_IRQHandler
                0x000000000000047c                EXTI2_IRQHandler
                0x000000000000047e                EXTI3_IRQHandler
                0x0000000000000480                EXTI4_IRQHandler
                0x0000000000000482                DMA1_Channel1_IRQHandler
                0x0000000000000484                DMA1_Channel2_IRQHandler
                0x0000000000000486                DMA1_Channel3_IRQHandler
                0x0000000000000488                DMA1_Channel4_IRQHandler
                0x000000000000048a                DMA1_Channel5_IRQHandler
                0x000000000000048c                DMA1_Channel6_IRQHandler
                0x000000000000048e                DMA1_Channel7_IRQHandler
                0x0000000000000490                ADC1_2_IRQHandler
                0x0000000000000492                USB_HP_CAN1_TX_IRQHandler
                0x0000000000000494                USB_LP_CAN1_RX0_IRQHandler
                0x0000000000000496                CAN1_RX1_IRQHandler
                0x0000000000000498                CAN1_SCE_IRQHandler
                0x000000000000049a                EXTI9_5_IRQHandler
                0x000000000000049c                TIM1_BRK_IRQHandler
                0x000000000000049e                TIM1_UP_IRQHandler
                0x00000000000004a0                TIM1_TRG_COM_IRQHandler
                0x00000000000004a2                TIM1_CC_IRQHandler
                0x00000000000004a4                TIM2_IRQHandler
                0x00000000000004a6                TIM3_IRQHandler
                0x00000000000004a8                TIM4_IRQHandler
                0x00000000000004aa                I2C1_EV_IRQHandler
                0x00000000000004ac                I2C1_ER_IRQHandler
                0x00000000000004ae                I2C2_EV_IRQHandler
                0x00000000000004b0                I2C2_ER_IRQHandler
                0x00000000000004b2                SPI1_IRQHandler
                0x00000000000004b4                SPI2_IRQHandler
                0x00000000000004b6                USART1_IRQHandler
                0x00000000000004b8                USART2_IRQHandler
                0x00000000000004ba                USART3_IRQHandler
                0x00000000000004bc                EXTI15_10_IRQHandler
                0x00000000000004be                RTCAlarm_IRQHandler
                0x00000000000004c0                USBWakeUp_IRQHandler
                0x00000000000004c2                TIM8_BRK_IRQHandler
                0x00000000000004c4                TIM8_UP_IRQHandler
                0x00000000000004c6                TIM8_TRG_COM_IRQHandler
                0x00000000000004c8                TIM8_CC_IRQHandler
                0x00000000000004ca                RNG_IRQHandler
                0x00000000000004cc                FSMC_IRQHandler
                0x00000000000004ce                SDIO_IRQHandler
                0x00000000000004d0                TIM5_IRQHandler
                0x00000000000004d2                SPI3_IRQHandler
                0x00000000000004d4                UART4_IRQHandler
                0x00000000000004d6                UART5_IRQHandler
                0x00000000000004d8                TIM6_IRQHandler
                0x00000000000004da                TIM7_IRQHandler
                0x00000000000004dc                DMA2_Channel1_IRQHandler
                0x00000000000004de                DMA2_Channel2_IRQHandler
                0x00000000000004e0                DMA2_Channel3_IRQHandler
                0x00000000000004e2                DMA2_Channel4_IRQHandler
                0x00000000000004e4                DMA2_Channel5_IRQHandler
                0x00000000000004e6                ETH_IRQHandler
                0x00000000000004e8                ETH_WKUP_IRQHandler
                0x00000000000004ea                CAN2_TX_IRQHandler
                0x00000000000004ec                CAN2_RX0_IRQHandler
                0x00000000000004ee                CAN2_RX1_IRQHandler
                0x00000000000004f0                CAN2_SCE_IRQHandler
                0x00000000000004f2                OTG_FS_IRQHandler
                0x00000000000004f4                USBHSWakeup_IRQHandler
                0x00000000000004f6                USBHS_IRQHandler
                0x00000000000004f8                DVP_IRQHandler
                0x00000000000004fa                UART6_IRQHandler
                0x00000000000004fc                UART7_IRQHandler
                0x00000000000004fe                UART8_IRQHandler
                0x0000000000000500                TIM9_BRK_IRQHandler
                0x0000000000000502                TIM9_UP_IRQHandler
                0x0000000000000504                TIM9_TRG_COM_IRQHandler
                0x0000000000000506                TIM9_CC_IRQHandler
                0x0000000000000508                TIM10_BRK_IRQHandler
                0x000000000000050a                TIM10_UP_IRQHandler
                0x000000000000050c                TIM10_TRG_COM_IRQHandler
                0x000000000000050e                TIM10_CC_IRQHandler
                0x0000000000000510                DMA2_Channel6_IRQHandler
                0x0000000000000512                DMA2_Channel7_IRQHandler
                0x0000000000000514                DMA2_Channel8_IRQHandler
                0x0000000000000516                DMA2_Channel9_IRQHandler
                0x0000000000000518                DMA2_Channel10_IRQHandler
                0x000000000000051a                DMA2_Channel11_IRQHandler
 .text.handle_reset
                0x000000000000051c       0x8a ./Startup/startup_ch32v30x_D8C.o
                0x000000000000051c                handle_reset
 .text.GPIO_Init
                0x00000000000005a6       0xc2 ./Peripheral/src/ch32v30x_gpio.o
                0x00000000000005a6                GPIO_Init
 .text.GPIO_WriteBit
                0x0000000000000668        0xa ./Peripheral/src/ch32v30x_gpio.o
                0x0000000000000668                GPIO_WriteBit
 .text.NVIC_PriorityGroupConfig
                0x0000000000000672        0x6 ./Peripheral/src/ch32v30x_misc.o
                0x0000000000000672                NVIC_PriorityGroupConfig
 .text.RCC_GetClocksFreq
                0x0000000000000678      0x10e ./Peripheral/src/ch32v30x_rcc.o
                0x0000000000000678                RCC_GetClocksFreq
 .text.RCC_APB2PeriphClockCmd
                0x0000000000000786       0x1e ./Peripheral/src/ch32v30x_rcc.o
                0x0000000000000786                RCC_APB2PeriphClockCmd
 .text.USART_Init
                0x00000000000007a4       0xd8 ./Peripheral/src/ch32v30x_usart.o
                0x00000000000007a4                USART_Init
 .text.USART_Cmd
                0x000000000000087c       0x1c ./Peripheral/src/ch32v30x_usart.o
                0x000000000000087c                USART_Cmd
 .text.USART_SendData
                0x0000000000000898        0xa ./Peripheral/src/ch32v30x_usart.o
                0x0000000000000898                USART_SendData
 .text.USART_GetFlagStatus
                0x00000000000008a2        0xc ./Peripheral/src/ch32v30x_usart.o
                0x00000000000008a2                USART_GetFlagStatus
 .text.Delay_Init
                0x00000000000008ae       0x2a ./Debug/debug.o
                0x00000000000008ae                Delay_Init
 .text.Delay_Ms
                0x00000000000008d8       0x2e ./Debug/debug.o
                0x00000000000008d8                Delay_Ms
 .text.USART_Printf_Init
                0x0000000000000906       0x56 ./Debug/debug.o
                0x0000000000000906                USART_Printf_Init
 .text._write   0x000000000000095c       0x4c ./Debug/debug.o
                0x000000000000095c                _write
 .text._sbrk    0x00000000000009a8       0x26 ./Debug/debug.o
                0x00000000000009a8                _sbrk
 .text.printf   0x00000000000009ce       0x40 c:/mounriver/mounriver_studio/toolchain/risc-v embedded gcc/bin/../lib/gcc/riscv-none-embed/8.2.0/../../../../riscv-none-embed/lib/rv32imac/ilp32\libg_nano.a(lib_a-printf.o)
                0x00000000000009ce                iprintf
                0x00000000000009ce                printf
 .text._puts_r  0x0000000000000a0e       0xda c:/mounriver/mounriver_studio/toolchain/risc-v embedded gcc/bin/../lib/gcc/riscv-none-embed/8.2.0/../../../../riscv-none-embed/lib/rv32imac/ilp32\libg_nano.a(lib_a-puts.o)
                0x0000000000000a0e                _puts_r
 .text.puts     0x0000000000000ae8        0xa c:/mounriver/mounriver_studio/toolchain/risc-v embedded gcc/bin/../lib/gcc/riscv-none-embed/8.2.0/../../../../riscv-none-embed/lib/rv32imac/ilp32\libg_nano.a(lib_a-puts.o)
                0x0000000000000ae8                puts
 .text.__swbuf_r
                0x0000000000000af2       0xc0 c:/mounriver/mounriver_studio/toolchain/risc-v embedded gcc/bin/../lib/gcc/riscv-none-embed/8.2.0/../../../../riscv-none-embed/lib/rv32imac/ilp32\libg_nano.a(lib_a-wbuf.o)
                0x0000000000000af2                __swbuf_r
 .text.__swsetup_r
                0x0000000000000bb2      0x10c c:/mounriver/mounriver_studio/toolchain/risc-v embedded gcc/bin/../lib/gcc/riscv-none-embed/8.2.0/../../../../riscv-none-embed/lib/rv32imac/ilp32\libg_nano.a(lib_a-wsetup.o)
                0x0000000000000bb2                __swsetup_r
 .text.__sflush_r
                0x0000000000000cbe      0x13c c:/mounriver/mounriver_studio/toolchain/risc-v embedded gcc/bin/../lib/gcc/riscv-none-embed/8.2.0/../../../../riscv-none-embed/lib/rv32imac/ilp32\libg_nano.a(lib_a-fflush.o)
                0x0000000000000cbe                __sflush_r
 .text._fflush_r
                0x0000000000000dfa       0x64 c:/mounriver/mounriver_studio/toolchain/risc-v embedded gcc/bin/../lib/gcc/riscv-none-embed/8.2.0/../../../../riscv-none-embed/lib/rv32imac/ilp32\libg_nano.a(lib_a-fflush.o)
                0x0000000000000dfa                _fflush_r
 .text.std      0x0000000000000e5e       0x6a c:/mounriver/mounriver_studio/toolchain/risc-v embedded gcc/bin/../lib/gcc/riscv-none-embed/8.2.0/../../../../riscv-none-embed/lib/rv32imac/ilp32\libg_nano.a(lib_a-findfp.o)
 .text._cleanup_r
                0x0000000000000ec8        0xa c:/mounriver/mounriver_studio/toolchain/risc-v embedded gcc/bin/../lib/gcc/riscv-none-embed/8.2.0/../../../../riscv-none-embed/lib/rv32imac/ilp32\libg_nano.a(lib_a-findfp.o)
                0x0000000000000ec8                _cleanup_r
 .text.__sfmoreglue
                0x0000000000000ed2       0x46 c:/mounriver/mounriver_studio/toolchain/risc-v embedded gcc/bin/../lib/gcc/riscv-none-embed/8.2.0/../../../../riscv-none-embed/lib/rv32imac/ilp32\libg_nano.a(lib_a-findfp.o)
                0x0000000000000ed2                __sfmoreglue
 .text.__sinit  0x0000000000000f18       0x66 c:/mounriver/mounriver_studio/toolchain/risc-v embedded gcc/bin/../lib/gcc/riscv-none-embed/8.2.0/../../../../riscv-none-embed/lib/rv32imac/ilp32\libg_nano.a(lib_a-findfp.o)
                0x0000000000000f18                __sinit
 .text.__sfp    0x0000000000000f7e       0x9c c:/mounriver/mounriver_studio/toolchain/risc-v embedded gcc/bin/../lib/gcc/riscv-none-embed/8.2.0/../../../../riscv-none-embed/lib/rv32imac/ilp32\libg_nano.a(lib_a-findfp.o)
                0x0000000000000f7e                __sfp
 .text._fwalk_reent
                0x000000000000101a       0x6c c:/mounriver/mounriver_studio/toolchain/risc-v embedded gcc/bin/../lib/gcc/riscv-none-embed/8.2.0/../../../../riscv-none-embed/lib/rv32imac/ilp32\libg_nano.a(lib_a-fwalk.o)
                0x000000000000101a                _fwalk_reent
 .text.__swhatbuf_r
                0x0000000000001086       0x5a c:/mounriver/mounriver_studio/toolchain/risc-v embedded gcc/bin/../lib/gcc/riscv-none-embed/8.2.0/../../../../riscv-none-embed/lib/rv32imac/ilp32\libg_nano.a(lib_a-makebuf.o)
                0x0000000000001086                __swhatbuf_r
 .text.__smakebuf_r
                0x00000000000010e0       0x9e c:/mounriver/mounriver_studio/toolchain/risc-v embedded gcc/bin/../lib/gcc/riscv-none-embed/8.2.0/../../../../riscv-none-embed/lib/rv32imac/ilp32\libg_nano.a(lib_a-makebuf.o)
                0x00000000000010e0                __smakebuf_r
 .text._free_r  0x000000000000117e       0xa8 c:/mounriver/mounriver_studio/toolchain/risc-v embedded gcc/bin/../lib/gcc/riscv-none-embed/8.2.0/../../../../riscv-none-embed/lib/rv32imac/ilp32\libg_nano.a(lib_a-nano-freer.o)
                0x000000000000117e                _free_r
 .text._malloc_r
                0x0000000000001226       0xd4 c:/mounriver/mounriver_studio/toolchain/risc-v embedded gcc/bin/../lib/gcc/riscv-none-embed/8.2.0/../../../../riscv-none-embed/lib/rv32imac/ilp32\libg_nano.a(lib_a-nano-mallocr.o)
                0x0000000000001226                _malloc_r
 .text.__sfputc_r
                0x00000000000012fa       0x2a c:/mounriver/mounriver_studio/toolchain/risc-v embedded gcc/bin/../lib/gcc/riscv-none-embed/8.2.0/../../../../riscv-none-embed/lib/rv32imac/ilp32\libg_nano.a(lib_a-nano-vfprintf.o)
 .text.__sfputs_r
                0x0000000000001324       0x42 c:/mounriver/mounriver_studio/toolchain/risc-v embedded gcc/bin/../lib/gcc/riscv-none-embed/8.2.0/../../../../riscv-none-embed/lib/rv32imac/ilp32\libg_nano.a(lib_a-nano-vfprintf.o)
                0x0000000000001324                __sfputs_r
 .text._vfprintf_r
                0x0000000000001366      0x298 c:/mounriver/mounriver_studio/toolchain/risc-v embedded gcc/bin/../lib/gcc/riscv-none-embed/8.2.0/../../../../riscv-none-embed/lib/rv32imac/ilp32\libg_nano.a(lib_a-nano-vfprintf.o)
                0x0000000000001366                _vfprintf_r
                0x0000000000001366                _vfiprintf_r
 .text._printf_common
                0x00000000000015fe      0x10c c:/mounriver/mounriver_studio/toolchain/risc-v embedded gcc/bin/../lib/gcc/riscv-none-embed/8.2.0/../../../../riscv-none-embed/lib/rv32imac/ilp32\libg_nano.a(lib_a-nano-vfprintf_i.o)
                0x00000000000015fe                _printf_common
 .text._printf_i
                0x000000000000170a      0x2a8 c:/mounriver/mounriver_studio/toolchain/risc-v embedded gcc/bin/../lib/gcc/riscv-none-embed/8.2.0/../../../../riscv-none-embed/lib/rv32imac/ilp32\libg_nano.a(lib_a-nano-vfprintf_i.o)
                0x000000000000170a                _printf_i
 .text._sbrk_r  0x00000000000019b2       0x2a c:/mounriver/mounriver_studio/toolchain/risc-v embedded gcc/bin/../lib/gcc/riscv-none-embed/8.2.0/../../../../riscv-none-embed/lib/rv32imac/ilp32\libg_nano.a(lib_a-sbrkr.o)
                0x00000000000019b2                _sbrk_r
 .text.__sread  0x00000000000019dc       0x30 c:/mounriver/mounriver_studio/toolchain/risc-v embedded gcc/bin/../lib/gcc/riscv-none-embed/8.2.0/../../../../riscv-none-embed/lib/rv32imac/ilp32\libg_nano.a(lib_a-stdio.o)
                0x00000000000019dc                __sread
 .text.__swrite
                0x0000000000001a0c       0x4e c:/mounriver/mounriver_studio/toolchain/risc-v embedded gcc/bin/../lib/gcc/riscv-none-embed/8.2.0/../../../../riscv-none-embed/lib/rv32imac/ilp32\libg_nano.a(lib_a-stdio.o)
                0x0000000000001a0c                __swrite
 .text.__sseek  0x0000000000001a5a       0x36 c:/mounriver/mounriver_studio/toolchain/risc-v embedded gcc/bin/../lib/gcc/riscv-none-embed/8.2.0/../../../../riscv-none-embed/lib/rv32imac/ilp32\libg_nano.a(lib_a-stdio.o)
                0x0000000000001a5a                __sseek
 .text.__sclose
                0x0000000000001a90        0x6 c:/mounriver/mounriver_studio/toolchain/risc-v embedded gcc/bin/../lib/gcc/riscv-none-embed/8.2.0/../../../../riscv-none-embed/lib/rv32imac/ilp32\libg_nano.a(lib_a-stdio.o)
                0x0000000000001a90                __sclose
 .text._write_r
                0x0000000000001a96       0x2e c:/mounriver/mounriver_studio/toolchain/risc-v embedded gcc/bin/../lib/gcc/riscv-none-embed/8.2.0/../../../../riscv-none-embed/lib/rv32imac/ilp32\libg_nano.a(lib_a-writer.o)
                0x0000000000001a96                _write_r
 .text._close_r
                0x0000000000001ac4       0x28 c:/mounriver/mounriver_studio/toolchain/risc-v embedded gcc/bin/../lib/gcc/riscv-none-embed/8.2.0/../../../../riscv-none-embed/lib/rv32imac/ilp32\libg_nano.a(lib_a-closer.o)
                0x0000000000001ac4                _close_r
 .text._fstat_r
                0x0000000000001aec       0x2a c:/mounriver/mounriver_studio/toolchain/risc-v embedded gcc/bin/../lib/gcc/riscv-none-embed/8.2.0/../../../../riscv-none-embed/lib/rv32imac/ilp32\libg_nano.a(lib_a-fstatr.o)
                0x0000000000001aec                _fstat_r
 .text._isatty_r
                0x0000000000001b16       0x28 c:/mounriver/mounriver_studio/toolchain/risc-v embedded gcc/bin/../lib/gcc/riscv-none-embed/8.2.0/../../../../riscv-none-embed/lib/rv32imac/ilp32\libg_nano.a(lib_a-isattyr.o)
                0x0000000000001b16                _isatty_r
 .text._lseek_r
                0x0000000000001b3e       0x2c c:/mounriver/mounriver_studio/toolchain/risc-v embedded gcc/bin/../lib/gcc/riscv-none-embed/8.2.0/../../../../riscv-none-embed/lib/rv32imac/ilp32\libg_nano.a(lib_a-lseekr.o)
                0x0000000000001b3e                _lseek_r
 .text.memchr   0x0000000000001b6a       0x1a c:/mounriver/mounriver_studio/toolchain/risc-v embedded gcc/bin/../lib/gcc/riscv-none-embed/8.2.0/../../../../riscv-none-embed/lib/rv32imac/ilp32\libg_nano.a(lib_a-memchr.o)
                0x0000000000001b6a                memchr
 .text.__malloc_lock
                0x0000000000001b84        0x2 c:/mounriver/mounriver_studio/toolchain/risc-v embedded gcc/bin/../lib/gcc/riscv-none-embed/8.2.0/../../../../riscv-none-embed/lib/rv32imac/ilp32\libg_nano.a(lib_a-mlock.o)
                0x0000000000001b84                __malloc_lock
 .text.__malloc_unlock
                0x0000000000001b86        0x2 c:/mounriver/mounriver_studio/toolchain/risc-v embedded gcc/bin/../lib/gcc/riscv-none-embed/8.2.0/../../../../riscv-none-embed/lib/rv32imac/ilp32\libg_nano.a(lib_a-mlock.o)
                0x0000000000001b86                __malloc_unlock
 .text._read_r  0x0000000000001b88       0x2c c:/mounriver/mounriver_studio/toolchain/risc-v embedded gcc/bin/../lib/gcc/riscv-none-embed/8.2.0/../../../../riscv-none-embed/lib/rv32imac/ilp32\libg_nano.a(lib_a-readr.o)
                0x0000000000001b88                _read_r
 .text._close   0x0000000000001bb4        0xc c:/mounriver/mounriver_studio/toolchain/risc-v embedded gcc/bin/../lib/gcc/riscv-none-embed/8.2.0/../../../../riscv-none-embed/lib/rv32imac/ilp32\libnosys.a(close.o)
                0x0000000000001bb4                _close
 .text._fstat   0x0000000000001bc0        0xc c:/mounriver/mounriver_studio/toolchain/risc-v embedded gcc/bin/../lib/gcc/riscv-none-embed/8.2.0/../../../../riscv-none-embed/lib/rv32imac/ilp32\libnosys.a(fstat.o)
                0x0000000000001bc0                _fstat
 .text._isatty  0x0000000000001bcc        0xc c:/mounriver/mounriver_studio/toolchain/risc-v embedded gcc/bin/../lib/gcc/riscv-none-embed/8.2.0/../../../../riscv-none-embed/lib/rv32imac/ilp32\libnosys.a(isatty.o)
                0x0000000000001bcc                _isatty
 .text._lseek   0x0000000000001bd8        0xc c:/mounriver/mounriver_studio/toolchain/risc-v embedded gcc/bin/../lib/gcc/riscv-none-embed/8.2.0/../../../../riscv-none-embed/lib/rv32imac/ilp32\libnosys.a(lseek.o)
                0x0000000000001bd8                _lseek
 .text._read    0x0000000000001be4        0xc c:/mounriver/mounriver_studio/toolchain/risc-v embedded gcc/bin/../lib/gcc/riscv-none-embed/8.2.0/../../../../riscv-none-embed/lib/rv32imac/ilp32\libnosys.a(read.o)
                0x0000000000001be4                _read
 *(.rodata)
 *(.rodata*)
 .rodata.main.str1.4
                0x0000000000001bf0       0x2e ./User/main.o
 *fill*         0x0000000000001c1e        0x2 
 .rodata.__sf_fake_stderr
                0x0000000000001c20       0x20 c:/mounriver/mounriver_studio/toolchain/risc-v embedded gcc/bin/../lib/gcc/riscv-none-embed/8.2.0/../../../../riscv-none-embed/lib/rv32imac/ilp32\libg_nano.a(lib_a-findfp.o)
                0x0000000000001c20                __sf_fake_stderr
 .rodata.__sf_fake_stdin
                0x0000000000001c40       0x20 c:/mounriver/mounriver_studio/toolchain/risc-v embedded gcc/bin/../lib/gcc/riscv-none-embed/8.2.0/../../../../riscv-none-embed/lib/rv32imac/ilp32\libg_nano.a(lib_a-findfp.o)
                0x0000000000001c40                __sf_fake_stdin
 .rodata.__sf_fake_stdout
                0x0000000000001c60       0x20 c:/mounriver/mounriver_studio/toolchain/risc-v embedded gcc/bin/../lib/gcc/riscv-none-embed/8.2.0/../../../../riscv-none-embed/lib/rv32imac/ilp32\libg_nano.a(lib_a-findfp.o)
                0x0000000000001c60                __sf_fake_stdout
 .rodata._vfprintf_r.str1.4
                0x0000000000001c80       0x13 c:/mounriver/mounriver_studio/toolchain/risc-v embedded gcc/bin/../lib/gcc/riscv-none-embed/8.2.0/../../../../riscv-none-embed/lib/rv32imac/ilp32\libg_nano.a(lib_a-nano-vfprintf.o)
 *fill*         0x0000000000001c93        0x1 
 .rodata._printf_i.str1.4
                0x0000000000001c94       0x28 c:/mounriver/mounriver_studio/toolchain/risc-v embedded gcc/bin/../lib/gcc/riscv-none-embed/8.2.0/../../../../riscv-none-embed/lib/rv32imac/ilp32\libg_nano.a(lib_a-nano-vfprintf_i.o)
                                         0x25 (size before relaxing)
 *(.glue_7)
 *(.glue_7t)
 *(.gnu.linkonce.t.*)
                0x0000000000001cbc                . = ALIGN (0x4)

.rela.dyn       0x0000000000001cbc        0x0
 .rela.init     0x0000000000001cbc        0x0 ./User/ch32v30x_it.o
 .rela.vector   0x0000000000001cbc        0x0 ./User/ch32v30x_it.o
 .rela.text.handle_reset
                0x0000000000001cbc        0x0 ./User/ch32v30x_it.o
 .rela.text._sbrk
                0x0000000000001cbc        0x0 ./User/ch32v30x_it.o
 .rela.sdata.curbrk.5210
                0x0000000000001cbc        0x0 ./User/ch32v30x_it.o
 .rela.text._vfprintf_r
                0x0000000000001cbc        0x0 ./User/ch32v30x_it.o
 .rela.text._sbrk_r
                0x0000000000001cbc        0x0 ./User/ch32v30x_it.o
 .rela.text._write_r
                0x0000000000001cbc        0x0 ./User/ch32v30x_it.o
 .rela.text._close_r
                0x0000000000001cbc        0x0 ./User/ch32v30x_it.o
 .rela.text._fstat_r
                0x0000000000001cbc        0x0 ./User/ch32v30x_it.o
 .rela.text._isatty_r
                0x0000000000001cbc        0x0 ./User/ch32v30x_it.o
 .rela.text._lseek_r
                0x0000000000001cbc        0x0 ./User/ch32v30x_it.o
 .rela.text._read_r
                0x0000000000001cbc        0x0 ./User/ch32v30x_it.o
 .rela.text._close
                0x0000000000001cbc        0x0 ./User/ch32v30x_it.o
 .rela.text._fstat
                0x0000000000001cbc        0x0 ./User/ch32v30x_it.o
 .rela.text._isatty
                0x0000000000001cbc        0x0 ./User/ch32v30x_it.o
 .rela.text._lseek
                0x0000000000001cbc        0x0 ./User/ch32v30x_it.o
 .rela.text._read
                0x0000000000001cbc        0x0 ./User/ch32v30x_it.o

.fini           0x0000000000001cbc        0x0
 *(SORT_NONE(.fini))
                0x0000000000001cbc                . = ALIGN (0x4)
                [!provide]                        PROVIDE (_etext = .)
                [!provide]                        PROVIDE (_eitcm = .)

.preinit_array  0x0000000000001cbc        0x0
                [!provide]                        PROVIDE (__preinit_array_start = .)
 *(.preinit_array)
                [!provide]                        PROVIDE (__preinit_array_end = .)

.init_array     0x0000000000001cbc        0x0
                [!provide]                        PROVIDE (__init_array_start = .)
 *(SORT_BY_INIT_PRIORITY(.init_array.*) SORT_BY_INIT_PRIORITY(.ctors.*))
 *(.init_array EXCLUDE_FILE(*crtend?.o *crtend.o *crtbegin?.o *crtbegin.o) .ctors)
                [!provide]                        PROVIDE (__init_array_end = .)

.fini_array     0x0000000000001cbc        0x0
                [!provide]                        PROVIDE (__fini_array_start = .)
 *(SORT_BY_INIT_PRIORITY(.fini_array.*) SORT_BY_INIT_PRIORITY(.dtors.*))
 *(.fini_array EXCLUDE_FILE(*crtend?.o *crtend.o *crtbegin?.o *crtbegin.o) .dtors)
                [!provide]                        PROVIDE (__fini_array_end = .)

.ctors
 *crtbegin.o(.ctors)
 *crtbegin?.o(.ctors)
 *(EXCLUDE_FILE(*crtend?.o *crtend.o) .ctors)
 *(SORT_BY_NAME(.ctors.*))
 *(.ctors)

.dtors
 *crtbegin.o(.dtors)
 *crtbegin?.o(.dtors)
 *(EXCLUDE_FILE(*crtend?.o *crtend.o) .dtors)
 *(SORT_BY_NAME(.dtors.*))
 *(.dtors)

.dalign         0x0000000020000000        0x0 load address 0x0000000000001cbc
                0x0000000020000000                . = ALIGN (0x4)
                0x0000000020000000                PROVIDE (_data_vma = .)

.dlalign        0x0000000000001cbc        0x0
                0x0000000000001cbc                . = ALIGN (0x4)
                0x0000000000001cbc                PROVIDE (_data_lma = .)

.data           0x0000000020000000       0x88 load address 0x0000000000001cbc
 *(.gnu.linkonce.r.*)
 *(.data .data.*)
 .data.APBAHBPrescTable
                0x0000000020000000       0x10 ./Peripheral/src/ch32v30x_rcc.o
 .data.impure_data
                0x0000000020000010       0x60 c:/mounriver/mounriver_studio/toolchain/risc-v embedded gcc/bin/../lib/gcc/riscv-none-embed/8.2.0/../../../../riscv-none-embed/lib/rv32imac/ilp32\libg_nano.a(lib_a-impure.o)
 *(.gnu.linkonce.d.*)
                0x0000000020000070                . = ALIGN (0x8)
                0x0000000020000870                PROVIDE (__global_pointer$ = (. + 0x800))
 *(.sdata .sdata.*)
 .sdata.SystemCoreClock
                0x0000000020000070        0x4 ./User/system_ch32v30x.o
                0x0000000020000070                SystemCoreClock
 .sdata.ADCPrescTable
                0x0000000020000074        0x4 ./Peripheral/src/ch32v30x_rcc.o
 .sdata.curbrk.5210
                0x0000000020000078        0x4 ./Debug/debug.o
 .sdata._impure_ptr
                0x000000002000007c        0x4 c:/mounriver/mounriver_studio/toolchain/risc-v embedded gcc/bin/../lib/gcc/riscv-none-embed/8.2.0/../../../../riscv-none-embed/lib/rv32imac/ilp32\libg_nano.a(lib_a-impure.o)
                0x000000002000007c                _impure_ptr
 *(.sdata2.*)
 .sdata2._global_impure_ptr
                0x0000000020000080        0x4 c:/mounriver/mounriver_studio/toolchain/risc-v embedded gcc/bin/../lib/gcc/riscv-none-embed/8.2.0/../../../../riscv-none-embed/lib/rv32imac/ilp32\libg_nano.a(lib_a-impure.o)
                0x0000000020000080                _global_impure_ptr
 *(.gnu.linkonce.s.*)
                0x0000000020000088                . = ALIGN (0x8)
 *fill*         0x0000000020000084        0x4 
 *(.srodata.cst16)
 *(.srodata.cst8)
 *(.srodata.cst4)
 *(.srodata.cst2)
 *(.srodata .srodata.*)
                0x0000000020000088                . = ALIGN (0x4)
                0x0000000020000088                PROVIDE (_edata = .)

.bss            0x0000000020000088       0x14 load address 0x0000000000001d44
                0x0000000020000088                . = ALIGN (0x4)
                0x0000000020000088                PROVIDE (_sbss = .)
 *(.sbss*)
 .sbss.NVIC_Priority_Group
                0x0000000020000088        0x4 ./Peripheral/src/ch32v30x_misc.o
                0x0000000020000088                NVIC_Priority_Group
 .sbss.p_ms     0x000000002000008c        0x2 ./Debug/debug.o
 .sbss.p_us     0x000000002000008e        0x1 ./Debug/debug.o
 *fill*         0x000000002000008f        0x1 
 .sbss.__malloc_free_list
                0x0000000020000090        0x4 c:/mounriver/mounriver_studio/toolchain/risc-v embedded gcc/bin/../lib/gcc/riscv-none-embed/8.2.0/../../../../riscv-none-embed/lib/rv32imac/ilp32\libg_nano.a(lib_a-nano-mallocr.o)
                0x0000000020000090                __malloc_free_list
 .sbss.__malloc_sbrk_start
                0x0000000020000094        0x4 c:/mounriver/mounriver_studio/toolchain/risc-v embedded gcc/bin/../lib/gcc/riscv-none-embed/8.2.0/../../../../riscv-none-embed/lib/rv32imac/ilp32\libg_nano.a(lib_a-nano-mallocr.o)
                0x0000000020000094                __malloc_sbrk_start
 *(.gnu.linkonce.sb.*)
 *(.bss*)
 *(.gnu.linkonce.b.*)
 *(COMMON*)
 COMMON         0x0000000020000098        0x4 c:/mounriver/mounriver_studio/toolchain/risc-v embedded gcc/bin/../lib/gcc/riscv-none-embed/8.2.0/../../../../riscv-none-embed/lib/rv32imac/ilp32\libg_nano.a(lib_a-reent.o)
                0x0000000020000098                errno
                0x000000002000009c                . = ALIGN (0x4)
                0x000000002000009c                PROVIDE (_ebss = .)
                0x000000002000009c                PROVIDE (_end = _ebss)
                [!provide]                        PROVIDE (end = .)

.stack          0x0000000020007800      0x800
                0x0000000020007800                PROVIDE (_heap_end = .)
                0x0000000020007800                . = ALIGN (0x4)
                [!provide]                        PROVIDE (_susrstack = .)
                0x0000000020008000                . = (. + __stack_size)
 *fill*         0x0000000020007800      0x800 
                0x0000000020008000                PROVIDE (_eusrstack = .)
OUTPUT(CH32V307VCT6.elf elf32-littleriscv)

.debug_info     0x0000000000000000     0x7a0e
 .debug_info    0x0000000000000000      0x962 ./User/ch32v30x_it.o
 .debug_info    0x0000000000000962      0xc8e ./User/main.o
 .debug_info    0x00000000000015f0      0xb63 ./User/system_ch32v30x.o
 .debug_info    0x0000000000002153       0x22 ./Startup/startup_ch32v30x_D8C.o
 .debug_info    0x0000000000002175     0x1093 ./Peripheral/src/ch32v30x_gpio.o
 .debug_info    0x0000000000003208      0xf6d ./Peripheral/src/ch32v30x_misc.o
 .debug_info    0x0000000000004175     0x155d ./Peripheral/src/ch32v30x_rcc.o
 .debug_info    0x00000000000056d2     0x1420 ./Peripheral/src/ch32v30x_usart.o
 .debug_info    0x0000000000006af2      0xf1c ./Debug/debug.o

.debug_abbrev   0x0000000000000000     0x16f0
 .debug_abbrev  0x0000000000000000      0x1cf ./User/ch32v30x_it.o
 .debug_abbrev  0x00000000000001cf      0x2cb ./User/main.o
 .debug_abbrev  0x000000000000049a      0x2c0 ./User/system_ch32v30x.o
 .debug_abbrev  0x000000000000075a       0x12 ./Startup/startup_ch32v30x_D8C.o
 .debug_abbrev  0x000000000000076c      0x31a ./Peripheral/src/ch32v30x_gpio.o
 .debug_abbrev  0x0000000000000a86      0x2fb ./Peripheral/src/ch32v30x_misc.o
 .debug_abbrev  0x0000000000000d81      0x351 ./Peripheral/src/ch32v30x_rcc.o
 .debug_abbrev  0x00000000000010d2      0x325 ./Peripheral/src/ch32v30x_usart.o
 .debug_abbrev  0x00000000000013f7      0x2f9 ./Debug/debug.o

.debug_aranges  0x0000000000000000      0x468
 .debug_aranges
                0x0000000000000000       0x28 ./User/ch32v30x_it.o
 .debug_aranges
                0x0000000000000028       0x28 ./User/main.o
 .debug_aranges
                0x0000000000000050       0x28 ./User/system_ch32v30x.o
 .debug_aranges
                0x0000000000000078       0x30 ./Startup/startup_ch32v30x_D8C.o
 .debug_aranges
                0x00000000000000a8       0xa8 ./Peripheral/src/ch32v30x_gpio.o
 .debug_aranges
                0x0000000000000150       0x28 ./Peripheral/src/ch32v30x_misc.o
 .debug_aranges
                0x0000000000000178      0x1a8 ./Peripheral/src/ch32v30x_rcc.o
 .debug_aranges
                0x0000000000000320      0x100 ./Peripheral/src/ch32v30x_usart.o
 .debug_aranges
                0x0000000000000420       0x48 ./Debug/debug.o

.debug_ranges   0x0000000000000000      0x430
 .debug_ranges  0x0000000000000000       0x18 ./User/ch32v30x_it.o
 .debug_ranges  0x0000000000000018       0x18 ./User/main.o
 .debug_ranges  0x0000000000000030       0x38 ./User/system_ch32v30x.o
 .debug_ranges  0x0000000000000068       0x28 ./Startup/startup_ch32v30x_D8C.o
 .debug_ranges  0x0000000000000090       0x98 ./Peripheral/src/ch32v30x_gpio.o
 .debug_ranges  0x0000000000000128       0x48 ./Peripheral/src/ch32v30x_misc.o
 .debug_ranges  0x0000000000000170      0x198 ./Peripheral/src/ch32v30x_rcc.o
 .debug_ranges  0x0000000000000308       0xf0 ./Peripheral/src/ch32v30x_usart.o
 .debug_ranges  0x00000000000003f8       0x38 ./Debug/debug.o

.debug_line     0x0000000000000000     0x5a5c
 .debug_line    0x0000000000000000      0x274 ./User/ch32v30x_it.o
 .debug_line    0x0000000000000274      0x647 ./User/main.o
 .debug_line    0x00000000000008bb      0x806 ./User/system_ch32v30x.o
 .debug_line    0x00000000000010c1      0x356 ./Startup/startup_ch32v30x_D8C.o
 .debug_line    0x0000000000001417      0xe8a ./Peripheral/src/ch32v30x_gpio.o
 .debug_line    0x00000000000022a1      0x5a9 ./Peripheral/src/ch32v30x_misc.o
 .debug_line    0x000000000000284a     0x18ca ./Peripheral/src/ch32v30x_rcc.o
 .debug_line    0x0000000000004114     0x1183 ./Peripheral/src/ch32v30x_usart.o
 .debug_line    0x0000000000005297      0x7c5 ./Debug/debug.o

.debug_str      0x0000000000000000     0x1cac
 .debug_str     0x0000000000000000      0x58f ./User/ch32v30x_it.o
                                        0x5f0 (size before relaxing)
 .debug_str     0x000000000000058f      0x22d ./User/main.o
                                        0x7ff (size before relaxing)
 .debug_str     0x00000000000007bc       0xef ./User/system_ch32v30x.o
                                        0x6ea (size before relaxing)
 .debug_str     0x00000000000008ab       0x2e ./Startup/startup_ch32v30x_D8C.o
                                         0xaf (size before relaxing)
 .debug_str     0x00000000000008d9      0x25c ./Peripheral/src/ch32v30x_gpio.o
                                        0x9ab (size before relaxing)
 .debug_str     0x0000000000000b35      0x6f0 ./Peripheral/src/ch32v30x_misc.o
                                        0xd05 (size before relaxing)
 .debug_str     0x0000000000001225      0x5e0 ./Peripheral/src/ch32v30x_rcc.o
                                        0xcfb (size before relaxing)
 .debug_str     0x0000000000001805      0x428 ./Peripheral/src/ch32v30x_usart.o
                                        0xb51 (size before relaxing)
 .debug_str     0x0000000000001c2d       0x7f ./Debug/debug.o
                                        0x939 (size before relaxing)

.comment        0x0000000000000000       0x33
 .comment       0x0000000000000000       0x33 ./User/ch32v30x_it.o
                                         0x34 (size before relaxing)
 .comment       0x0000000000000033       0x34 ./User/main.o
 .comment       0x0000000000000033       0x34 ./User/system_ch32v30x.o
 .comment       0x0000000000000033       0x34 ./Peripheral/src/ch32v30x_gpio.o
 .comment       0x0000000000000033       0x34 ./Peripheral/src/ch32v30x_misc.o
 .comment       0x0000000000000033       0x34 ./Peripheral/src/ch32v30x_rcc.o
 .comment       0x0000000000000033       0x34 ./Peripheral/src/ch32v30x_usart.o
 .comment       0x0000000000000033       0x34 ./Debug/debug.o

.debug_frame    0x0000000000000000     0x1150
 .debug_frame   0x0000000000000000       0x30 ./User/ch32v30x_it.o
 .debug_frame   0x0000000000000030       0x5c ./User/main.o
 .debug_frame   0x000000000000008c       0x3c ./User/system_ch32v30x.o
 .debug_frame   0x00000000000000c8      0x150 ./Peripheral/src/ch32v30x_gpio.o
 .debug_frame   0x0000000000000218       0x30 ./Peripheral/src/ch32v30x_misc.o
 .debug_frame   0x0000000000000248      0x340 ./Peripheral/src/ch32v30x_rcc.o
 .debug_frame   0x0000000000000588      0x210 ./Peripheral/src/ch32v30x_usart.o
 .debug_frame   0x0000000000000798       0xa4 ./Debug/debug.o
 .debug_frame   0x000000000000083c       0x54 c:/mounriver/mounriver_studio/toolchain/risc-v embedded gcc/bin/../lib/gcc/riscv-none-embed/8.2.0/../../../../riscv-none-embed/lib/rv32imac/ilp32\libg_nano.a(lib_a-printf.o)
 .debug_frame   0x0000000000000890       0x54 c:/mounriver/mounriver_studio/toolchain/risc-v embedded gcc/bin/../lib/gcc/riscv-none-embed/8.2.0/../../../../riscv-none-embed/lib/rv32imac/ilp32\libg_nano.a(lib_a-puts.o)
 .debug_frame   0x00000000000008e4       0x50 c:/mounriver/mounriver_studio/toolchain/risc-v embedded gcc/bin/../lib/gcc/riscv-none-embed/8.2.0/../../../../riscv-none-embed/lib/rv32imac/ilp32\libg_nano.a(lib_a-wbuf.o)
 .debug_frame   0x0000000000000934       0x3c c:/mounriver/mounriver_studio/toolchain/risc-v embedded gcc/bin/../lib/gcc/riscv-none-embed/8.2.0/../../../../riscv-none-embed/lib/rv32imac/ilp32\libg_nano.a(lib_a-wsetup.o)
 .debug_frame   0x0000000000000970       0x7c c:/mounriver/mounriver_studio/toolchain/risc-v embedded gcc/bin/../lib/gcc/riscv-none-embed/8.2.0/../../../../riscv-none-embed/lib/rv32imac/ilp32\libg_nano.a(lib_a-fflush.o)
 .debug_frame   0x00000000000009ec      0x148 c:/mounriver/mounriver_studio/toolchain/risc-v embedded gcc/bin/../lib/gcc/riscv-none-embed/8.2.0/../../../../riscv-none-embed/lib/rv32imac/ilp32\libg_nano.a(lib_a-findfp.o)
 .debug_frame   0x0000000000000b34       0x88 c:/mounriver/mounriver_studio/toolchain/risc-v embedded gcc/bin/../lib/gcc/riscv-none-embed/8.2.0/../../../../riscv-none-embed/lib/rv32imac/ilp32\libg_nano.a(lib_a-fwalk.o)
 .debug_frame   0x0000000000000bbc       0x64 c:/mounriver/mounriver_studio/toolchain/risc-v embedded gcc/bin/../lib/gcc/riscv-none-embed/8.2.0/../../../../riscv-none-embed/lib/rv32imac/ilp32\libg_nano.a(lib_a-makebuf.o)
 .debug_frame   0x0000000000000c20       0x40 c:/mounriver/mounriver_studio/toolchain/risc-v embedded gcc/bin/../lib/gcc/riscv-none-embed/8.2.0/../../../../riscv-none-embed/lib/rv32imac/ilp32\libg_nano.a(lib_a-nano-freer.o)
 .debug_frame   0x0000000000000c60       0x40 c:/mounriver/mounriver_studio/toolchain/risc-v embedded gcc/bin/../lib/gcc/riscv-none-embed/8.2.0/../../../../riscv-none-embed/lib/rv32imac/ilp32\libg_nano.a(lib_a-nano-mallocr.o)
 .debug_frame   0x0000000000000ca0       0xd0 c:/mounriver/mounriver_studio/toolchain/risc-v embedded gcc/bin/../lib/gcc/riscv-none-embed/8.2.0/../../../../riscv-none-embed/lib/rv32imac/ilp32\libg_nano.a(lib_a-nano-vfprintf.o)
 .debug_frame   0x0000000000000d70       0x8c c:/mounriver/mounriver_studio/toolchain/risc-v embedded gcc/bin/../lib/gcc/riscv-none-embed/8.2.0/../../../../riscv-none-embed/lib/rv32imac/ilp32\libg_nano.a(lib_a-nano-vfprintf_i.o)
 .debug_frame   0x0000000000000dfc       0x30 c:/mounriver/mounriver_studio/toolchain/risc-v embedded gcc/bin/../lib/gcc/riscv-none-embed/8.2.0/../../../../riscv-none-embed/lib/rv32imac/ilp32\libg_nano.a(lib_a-sbrkr.o)
 .debug_frame   0x0000000000000e2c       0xa4 c:/mounriver/mounriver_studio/toolchain/risc-v embedded gcc/bin/../lib/gcc/riscv-none-embed/8.2.0/../../../../riscv-none-embed/lib/rv32imac/ilp32\libg_nano.a(lib_a-stdio.o)
 .debug_frame   0x0000000000000ed0       0x30 c:/mounriver/mounriver_studio/toolchain/risc-v embedded gcc/bin/../lib/gcc/riscv-none-embed/8.2.0/../../../../riscv-none-embed/lib/rv32imac/ilp32\libg_nano.a(lib_a-writer.o)
 .debug_frame   0x0000000000000f00       0x30 c:/mounriver/mounriver_studio/toolchain/risc-v embedded gcc/bin/../lib/gcc/riscv-none-embed/8.2.0/../../../../riscv-none-embed/lib/rv32imac/ilp32\libg_nano.a(lib_a-closer.o)
 .debug_frame   0x0000000000000f30       0x30 c:/mounriver/mounriver_studio/toolchain/risc-v embedded gcc/bin/../lib/gcc/riscv-none-embed/8.2.0/../../../../riscv-none-embed/lib/rv32imac/ilp32\libg_nano.a(lib_a-fstatr.o)
 .debug_frame   0x0000000000000f60       0x30 c:/mounriver/mounriver_studio/toolchain/risc-v embedded gcc/bin/../lib/gcc/riscv-none-embed/8.2.0/../../../../riscv-none-embed/lib/rv32imac/ilp32\libg_nano.a(lib_a-isattyr.o)
 .debug_frame   0x0000000000000f90       0x30 c:/mounriver/mounriver_studio/toolchain/risc-v embedded gcc/bin/../lib/gcc/riscv-none-embed/8.2.0/../../../../riscv-none-embed/lib/rv32imac/ilp32\libg_nano.a(lib_a-lseekr.o)
 .debug_frame   0x0000000000000fc0       0x20 c:/mounriver/mounriver_studio/toolchain/risc-v embedded gcc/bin/../lib/gcc/riscv-none-embed/8.2.0/../../../../riscv-none-embed/lib/rv32imac/ilp32\libg_nano.a(lib_a-memchr.o)
 .debug_frame   0x0000000000000fe0       0x30 c:/mounriver/mounriver_studio/toolchain/risc-v embedded gcc/bin/../lib/gcc/riscv-none-embed/8.2.0/../../../../riscv-none-embed/lib/rv32imac/ilp32\libg_nano.a(lib_a-mlock.o)
 .debug_frame   0x0000000000001010       0x30 c:/mounriver/mounriver_studio/toolchain/risc-v embedded gcc/bin/../lib/gcc/riscv-none-embed/8.2.0/../../../../riscv-none-embed/lib/rv32imac/ilp32\libg_nano.a(lib_a-readr.o)
 .debug_frame   0x0000000000001040       0x70 c:/mounriver/mounriver_studio/toolchain/risc-v embedded gcc/bin/../lib/gcc/riscv-none-embed/8.2.0/../../../../riscv-none-embed/lib/rv32imac/ilp32\libg_nano.a(lib_a-reent.o)
 .debug_frame   0x00000000000010b0       0x20 c:/mounriver/mounriver_studio/toolchain/risc-v embedded gcc/bin/../lib/gcc/riscv-none-embed/8.2.0/../../../../riscv-none-embed/lib/rv32imac/ilp32\libnosys.a(close.o)
 .debug_frame   0x00000000000010d0       0x20 c:/mounriver/mounriver_studio/toolchain/risc-v embedded gcc/bin/../lib/gcc/riscv-none-embed/8.2.0/../../../../riscv-none-embed/lib/rv32imac/ilp32\libnosys.a(fstat.o)
 .debug_frame   0x00000000000010f0       0x20 c:/mounriver/mounriver_studio/toolchain/risc-v embedded gcc/bin/../lib/gcc/riscv-none-embed/8.2.0/../../../../riscv-none-embed/lib/rv32imac/ilp32\libnosys.a(isatty.o)
 .debug_frame   0x0000000000001110       0x20 c:/mounriver/mounriver_studio/toolchain/risc-v embedded gcc/bin/../lib/gcc/riscv-none-embed/8.2.0/../../../../riscv-none-embed/lib/rv32imac/ilp32\libnosys.a(lseek.o)
 .debug_frame   0x0000000000001130       0x20 c:/mounriver/mounriver_studio/toolchain/risc-v embedded gcc/bin/../lib/gcc/riscv-none-embed/8.2.0/../../../../riscv-none-embed/lib/rv32imac/ilp32\libnosys.a(read.o)

.debug_loc      0x0000000000000000     0x1c76
 .debug_loc     0x0000000000000000       0x54 ./User/main.o
 .debug_loc     0x0000000000000054       0xe5 ./User/system_ch32v30x.o
 .debug_loc     0x0000000000000139      0x67b ./Peripheral/src/ch32v30x_gpio.o
 .debug_loc     0x00000000000007b4       0xce ./Peripheral/src/ch32v30x_misc.o
 .debug_loc     0x0000000000000882      0xa54 ./Peripheral/src/ch32v30x_rcc.o
 .debug_loc     0x00000000000012d6      0x7f8 ./Peripheral/src/ch32v30x_usart.o
 .debug_loc     0x0000000000001ace      0x1a8 ./Debug/debug.o

.stab           0x0000000000000000       0x84
 .stab          0x0000000000000000       0x24 c:/mounriver/mounriver_studio/toolchain/risc-v embedded gcc/bin/../lib/gcc/riscv-none-embed/8.2.0/../../../../riscv-none-embed/lib/rv32imac/ilp32\libnosys.a(close.o)
 .stab          0x0000000000000024       0x18 c:/mounriver/mounriver_studio/toolchain/risc-v embedded gcc/bin/../lib/gcc/riscv-none-embed/8.2.0/../../../../riscv-none-embed/lib/rv32imac/ilp32\libnosys.a(fstat.o)
                                         0x24 (size before relaxing)
 .stab          0x000000000000003c       0x18 c:/mounriver/mounriver_studio/toolchain/risc-v embedded gcc/bin/../lib/gcc/riscv-none-embed/8.2.0/../../../../riscv-none-embed/lib/rv32imac/ilp32\libnosys.a(isatty.o)
                                         0x24 (size before relaxing)
 .stab          0x0000000000000054       0x18 c:/mounriver/mounriver_studio/toolchain/risc-v embedded gcc/bin/../lib/gcc/riscv-none-embed/8.2.0/../../../../riscv-none-embed/lib/rv32imac/ilp32\libnosys.a(lseek.o)
                                         0x24 (size before relaxing)
 .stab          0x000000000000006c       0x18 c:/mounriver/mounriver_studio/toolchain/risc-v embedded gcc/bin/../lib/gcc/riscv-none-embed/8.2.0/../../../../riscv-none-embed/lib/rv32imac/ilp32\libnosys.a(read.o)
                                         0x24 (size before relaxing)

.stabstr        0x0000000000000000      0x117
 .stabstr       0x0000000000000000      0x117 c:/mounriver/mounriver_studio/toolchain/risc-v embedded gcc/bin/../lib/gcc/riscv-none-embed/8.2.0/../../../../riscv-none-embed/lib/rv32imac/ilp32\libnosys.a(close.o)
